=== RUN   TestHandlerCoverageSafe
2026/04/11 09:36:24 INFO Search index is empty, performing lazy re-index in background...
2026/04/11 09:36:24 INFO Lazy re-indexing complete.
2026/04/11 09:36:24 INFO config: loaded servers from native registry count=10 path=/home/adm_saxsmith/.config/mcp-server-magictools/servers.yaml
2026/04/11 09:36:24 INFO config: squeeze bypass loaded servers="[recall brainstorm go-refactor]"
2026/04/11 09:36:24 INFO orchestrator: configuration reloaded, refreshing internal tools
2026/04/11 09:36:24 INFO orchestrator: internal tools refreshed count=15
2026/04/11 09:36:24 INFO orchestrator: log level changed old=INFO new=DEBUG
2026/04/11 09:36:24 INFO orchestrator: registration complete internal_tools=15
--- PASS: TestHandlerCoverageSafe (0.15s)
=== RUN   TestAnalyzeSystemLogs
=== RUN   TestAnalyzeSystemLogs/TailAll
=== RUN   TestAnalyzeSystemLogs/FilterServer
=== RUN   TestAnalyzeSystemLogs/FilterSeverity
=== RUN   TestAnalyzeSystemLogs/FileNotFound
--- PASS: TestAnalyzeSystemLogs (0.00s)
    --- PASS: TestAnalyzeSystemLogs/TailAll (0.00s)
    --- PASS: TestAnalyzeSystemLogs/FilterServer (0.00s)
    --- PASS: TestAnalyzeSystemLogs/FilterSeverity (0.00s)
    --- PASS: TestAnalyzeSystemLogs/FileNotFound (0.00s)
=== RUN   TestDiagnosticToolsMethods
2026/04/11 09:36:24 INFO Search index is empty, performing lazy re-index in background...
2026/04/11 09:36:24 INFO Lazy re-indexing complete.
=== RUN   TestDiagnosticToolsMethods/GetInternalLogs
=== RUN   TestDiagnosticToolsMethods/GetSessionStats
=== RUN   TestDiagnosticToolsMethods/GetHealthReport
=== RUN   TestDiagnosticToolsMethods/UpdateConfig
=== RUN   TestDiagnosticToolsMethods/SelfCheck
=== RUN   TestDiagnosticToolsMethods/ListToolsInfo
--- PASS: TestDiagnosticToolsMethods (0.14s)
    --- PASS: TestDiagnosticToolsMethods/GetInternalLogs (0.00s)
    --- PASS: TestDiagnosticToolsMethods/GetSessionStats (0.00s)
    --- PASS: TestDiagnosticToolsMethods/GetHealthReport (0.00s)
    --- PASS: TestDiagnosticToolsMethods/UpdateConfig (0.00s)
    --- PASS: TestDiagnosticToolsMethods/SelfCheck (0.00s)
    --- PASS: TestDiagnosticToolsMethods/ListToolsInfo (0.00s)
=== RUN   TestHandlerExhaustive
2026/04/11 09:36:24 INFO Search index is empty, performing lazy re-index in background...
2026/04/11 09:36:24 INFO Lazy re-indexing complete.
2026/04/11 09:36:24 INFO orchestrator: registration complete internal_tools=14
2026/04/11 09:36:24 INFO orchestrator: configuration reloaded, refreshing internal tools
2026/04/11 09:36:24 INFO orchestrator: internal tools refreshed count=14
2026/04/11 09:36:24 WARN orchestrator: base tools/list failed; falling back to static inventory
2026/04/11 09:36:24 INFO orchestrator: routing namespaced tool call server=magictools tool=get_internal_logs
2026/04/11 09:36:24 INFO orchestrator: routing namespaced tool call server=magictools tool=analyze_system_logs
2026/04/11 09:36:24 INFO orchestrator: routing namespaced tool call server=subserver tool=toolName
--- PASS: TestHandlerExhaustive (0.11s)
=== RUN   TestHandlerRegistration
2026/04/11 09:36:24 INFO Search index is empty, performing lazy re-index in background...
2026/04/11 09:36:24 INFO Lazy re-indexing complete.
2026/04/11 09:36:24 INFO orchestrator: registration complete internal_tools=14
--- PASS: TestHandlerRegistration (0.13s)
=== RUN   TestInventoryJSON
--- PASS: TestInventoryJSON (0.00s)
=== RUN   TestListToolsConcurrency
2026/04/11 09:36:25 INFO Search index is empty, performing lazy re-index in background...
2026/04/11 09:36:25 INFO Lazy re-indexing complete.
--- PASS: TestListToolsConcurrency (0.13s)
=== RUN   TestListToolsMiddleware
2026/04/11 09:36:25 INFO Search index is empty, performing lazy re-index in background...
2026/04/11 09:36:25 INFO Lazy re-indexing complete.
=== RUN   TestListToolsMiddleware/ToolsList
=== RUN   TestListToolsMiddleware/OtherMethod
=== RUN   TestListToolsMiddleware/PanicRecovery
2026/04/11 09:36:25 ERROR orchestrator: PANIC RECOVERY during tools/list panic="test panic" stack="goroutine 436 [running]:\nruntime/debug.Stack()\n\t/home/adm_saxsmith/.local/go/src/runtime/debug/stack.go:26 +0x5e\nmcp-server-magictools/internal/handler.TestListToolsMiddleware.func4.(*OrchestratorHandler).ListToolsMiddleware.2.1()\n\t/home/adm_saxsmith/gitrepos/saxsmith-global-context/scripts/go/mcp-server-magictools/internal/handler/list_tools_handler.go:30 +0x4c\npanic({0xe28840?, 0x102dbc0?})\n\t/home/adm_saxsmith/.local/go/src/runtime/panic.go:860 +0x13a\nmcp-server-magictools/internal/handler.TestListToolsMiddleware.func4.1({0x103bf68?, 0x193f940?}, {0x153b570?, 0x10046e9?}, {0xf?, 0x0?})\n\t/home/adm_saxsmith/gitrepos/saxsmith-global-context/scripts/go/mcp-server-magictools/internal/handler/list_tools_handler_test.go:60 +0x25\nmcp-server-magictools/internal/handler.TestListToolsMiddleware.func4.(*OrchestratorHandler).ListToolsMiddleware.2({0x103bf68, 0x193f940}, {0xfdd8e2, 0xa}, {0x0, 0x0})\n\t/home/adm_saxsmith/gitrepos/saxsmith-global-context/scripts/go/mcp-server-magictools/internal/handler/list_tools_handler.go:44 +0x17a\nmcp-server-magictools/internal/handler.TestListToolsMiddleware.func4(0x34c5a3d48b48)\n\t/home/adm_saxsmith/gitrepos/saxsmith-global-context/scripts/go/mcp-server-magictools/internal/handler/list_tools_handler_test.go:62 +0x5a\ntesting.tRunner(0x34c5a3d48b48, 0x34c5a3a80dc0)\n\t/home/adm_saxsmith/.local/go/src/testing/testing.go:2036 +0xea\ncreated by testing.(*T).Run in goroutine 403\n\t/home/adm_saxsmith/.local/go/src/testing/testing.go:2101 +0x4c5\n"
--- PASS: TestListToolsMiddleware (0.27s)
    --- PASS: TestListToolsMiddleware/ToolsList (0.05s)
    --- PASS: TestListToolsMiddleware/OtherMethod (0.00s)
    --- PASS: TestListToolsMiddleware/PanicRecovery (0.00s)
=== RUN   TestCallToolMiddleware
2026/04/11 09:36:25 INFO Search index is empty, performing lazy re-index in background...
2026/04/11 09:36:25 INFO Lazy re-indexing complete.
=== RUN   TestCallToolMiddleware/InternalTool
=== RUN   TestCallToolMiddleware/NamespacedTool_NotFound
2026/04/11 09:36:25 INFO orchestrator: routing namespaced tool call server=missing tool=tool
=== RUN   TestCallToolMiddleware/OtherMethod
--- PASS: TestCallToolMiddleware (0.12s)
    --- PASS: TestCallToolMiddleware/InternalTool (0.00s)
    --- PASS: TestCallToolMiddleware/NamespacedTool_NotFound (0.00s)
    --- PASS: TestCallToolMiddleware/OtherMethod (0.00s)
=== RUN   TestProxyHandlersMethods
2026/04/11 09:36:25 INFO Search index is empty, performing lazy re-index in background...
2026/04/11 09:36:25 INFO Lazy re-indexing complete.
=== RUN   TestProxyHandlersMethods/AlignTools
=== RUN   TestProxyHandlersMethods/CallProxy
--- PASS: TestProxyHandlersMethods (0.13s)
    --- PASS: TestProxyHandlersMethods/AlignTools (0.00s)
    --- PASS: TestProxyHandlersMethods/CallProxy (0.00s)
=== RUN   TestRawURNNormalization
--- PASS: TestRawURNNormalization (0.00s)
=== RUN   TestSummarize
--- PASS: TestSummarize (0.00s)
=== RUN   TestSearchToolsFiltering
2026/04/11 09:36:25 INFO Search index is empty, performing lazy re-index in background...
2026/04/11 09:36:25 INFO Lazy re-indexing complete.
2026/04/11 09:36:25 INFO orchestrator: registration complete internal_tools=14
--- PASS: TestSearchToolsFiltering (0.18s)
=== RUN   TestGetIgnoreCase
--- PASS: TestGetIgnoreCase (0.00s)
=== RUN   TestTransformToHybrid
--- PASS: TestTransformToHybrid (0.00s)
=== RUN   TestTransformToHybrid_InvalidJSON
--- PASS: TestTransformToHybrid_InvalidJSON (0.00s)
=== RUN   TestTransformToHybrid_Oversize
--- PASS: TestTransformToHybrid_Oversize (0.00s)
=== RUN   TestResolveURN_Invalid
--- PASS: TestResolveURN_Invalid (0.00s)
=== RUN   TestResolveURN_MagicToolsPassthrough
--- PASS: TestResolveURN_MagicToolsPassthrough (0.00s)
=== RUN   TestResolveURN_ThreePartURN
--- PASS: TestResolveURN_ThreePartURN (0.00s)
=== RUN   TestResolveURN_PrefixStripping
--- PASS: TestResolveURN_PrefixStripping (0.00s)
=== RUN   TestEnsureServerReady
2026/04/11 09:36:25 INFO Search index is empty, performing lazy re-index in background...
2026/04/11 09:36:25 INFO Lazy re-indexing complete.
2026/04/11 09:36:25 INFO lifecycle: actor started server=test-server
2026/04/11 09:36:25 INFO [BACKPLANE] SPAWN server=test-server
[BACKPLANE] [SPAWN] server_id: test-server | pid: 3276911
2026/04/11 09:36:25 INFO [BACKPLANE] HANDSHAKE server=test-server
2026/04/11 09:36:25 WARN lifecycle: process exited server=test-server pid=3276911 err=<nil>
2026/04/11 09:36:25 WARN failed to close real stdin during shutdown server=test-server error="close |1: file already closed"
[BACKPLANE] [ERROR] server_id: test-server | Handshake Failed: Protocol Error (connection closed: calling "initialize": client is closing: read |0: file already closed)
2026/04/11 09:36:25 ERROR [CRITICAL] Handshake hard-stop triggered server=test-server error="connection closed: calling \"initialize\": client is closing: read |0: file already closed" ctx_err=<nil>
2026/04/11 09:36:25 ERROR [WATCHDOG] reconcile fail server=test-server error="protocol handshake failed (hard-stop) for test-server: connection closed: calling \"initialize\": client is closing: read |0: file already closed"
2026/04/11 09:36:25 ERROR gateway: lazy activation failed server=test-server error="server test-server failed to start (status: CRASHED)"
--- PASS: TestEnsureServerReady (0.19s)
=== RUN   TestMinifyResponse
2026/04/11 09:36:26 INFO Search index is empty, performing lazy re-index in background...
2026/04/11 09:36:26 INFO Lazy re-indexing complete.
2026/04/11 09:36:26 WARN gateway: failed to session-cache raw response call_id=tool-full-1775918186046176260 error="DB Closed"
--- PASS: TestMinifyResponse (0.13s)
=== RUN   TestValidateArguments_SchemaCache
2026/04/11 09:36:26 INFO Search index is empty, performing lazy re-index in background...
2026/04/11 09:36:26 INFO Lazy re-indexing complete.
--- PASS: TestValidateArguments_SchemaCache (0.12s)
=== RUN   TestInspectResponse
=== RUN   TestInspectResponse/NilResponse
=== RUN   TestInspectResponse/ErrorResponse
=== RUN   TestInspectResponse/EmptyResultsArray
=== RUN   TestInspectResponse/ZeroTotalCountInMetadata
=== RUN   TestInspectResponse/NormalResponse
=== RUN   TestInspectResponse/TextContentJSONFallback
--- PASS: TestInspectResponse (0.00s)
    --- PASS: TestInspectResponse/NilResponse (0.00s)
    --- PASS: TestInspectResponse/ErrorResponse (0.00s)
    --- PASS: TestInspectResponse/EmptyResultsArray (0.00s)
    --- PASS: TestInspectResponse/ZeroTotalCountInMetadata (0.00s)
    --- PASS: TestInspectResponse/NormalResponse (0.00s)
    --- PASS: TestInspectResponse/TextContentJSONFallback (0.00s)
=== RUN   TestExecuteProxy
2026/04/11 09:36:26 INFO Search index is empty, performing lazy re-index in background...
2026/04/11 09:36:26 INFO Lazy re-indexing complete.
--- PASS: TestExecuteProxy (0.14s)
=== RUN   TestSyncHandlersMethods
=== RUN   TestSyncHandlersMethods/SyncEcosystem
2026/04/11 09:36:26 INFO Search index is empty, performing lazy re-index in background...
2026/04/11 09:36:26 INFO Lazy re-indexing complete.
2026/04/11 09:36:26 INFO database: populated default triggers count=42
2026/04/11 09:36:26 INFO lifecycle: actor started server=test-server
2026/04/11 09:36:26 INFO [BACKPLANE] SPAWN server=test-server
[BACKPLANE] [SPAWN] server_id: test-server | pid: 3276920
2026/04/11 09:36:26 INFO [BACKPLANE] HANDSHAKE server=test-server
2026/04/11 09:36:26 WARN lifecycle: process exited server=test-server pid=3276920 err=<nil>
2026/04/11 09:36:26 WARN failed to close real stdin during shutdown server=test-server error="close |1: file already closed"
[BACKPLANE] [ERROR] server_id: test-server | Handshake Failed: Protocol Error (calling "initialize": EOF)
2026/04/11 09:36:26 ERROR [CRITICAL] Handshake hard-stop triggered server=test-server error="calling \"initialize\": EOF" ctx_err=<nil>
2026/04/11 09:36:26 ERROR [WATCHDOG] reconcile fail server=test-server error="protocol handshake failed (hard-stop) for test-server: calling \"initialize\": EOF"
=== RUN   TestSyncHandlersMethods/SyncServer
2026/04/11 09:36:27 INFO Search index is empty, performing lazy re-index in background...
2026/04/11 09:36:27 INFO Lazy re-indexing complete.
2026/04/11 09:36:27 INFO lifecycle: actor started server=test-server
2026/04/11 09:36:27 INFO [BACKPLANE] SPAWN server=test-server
[BACKPLANE] [SPAWN] server_id: test-server | pid: 3276921
2026/04/11 09:36:27 INFO [BACKPLANE] HANDSHAKE server=test-server
[BACKPLANE] [ERROR] server_id: test-server | Handshake Failed: Protocol Error (calling "initialize": EOF)
2026/04/11 09:36:27 ERROR [CRITICAL] Handshake hard-stop triggered server=test-server error="calling \"initialize\": EOF" ctx_err=<nil>
2026/04/11 09:36:27 WARN lifecycle: process exited server=test-server pid=3276921 err=<nil>
2026/04/11 09:36:27 ERROR [WATCHDOG] reconcile fail server=test-server error="protocol handshake failed (hard-stop) for test-server: calling \"initialize\": EOF"
=== RUN   TestSyncHandlersMethods/StopServers
2026/04/11 09:36:27 INFO Search index is empty, performing lazy re-index in background...
2026/04/11 09:36:27 INFO Lazy re-indexing complete.
=== RUN   TestSyncHandlersMethods/ReloadServers
2026/04/11 09:36:27 INFO Search index is empty, performing lazy re-index in background...
2026/04/11 09:36:27 INFO Lazy re-indexing complete.
2026/04/11 09:36:27 INFO database: populated default triggers count=42
2026/04/11 09:36:27 INFO lifecycle: actor started server=test-server
2026/04/11 09:36:27 INFO [BACKPLANE] SPAWN server=test-server
[BACKPLANE] [SPAWN] server_id: test-server | pid: 3276922
2026/04/11 09:36:27 INFO [BACKPLANE] HANDSHAKE server=test-server
2026/04/11 09:36:27 WARN failed to close real stdin during shutdown server=test-server error="close |1: file already closed"
2026/04/11 09:36:27 WARN lifecycle: process exited server=test-server pid=3276922 err=<nil>
[BACKPLANE] [ERROR] server_id: test-server | Handshake Failed: Protocol Error (calling "initialize": EOF)
2026/04/11 09:36:27 ERROR [CRITICAL] Handshake hard-stop triggered server=test-server error="calling \"initialize\": EOF" ctx_err=<nil>
2026/04/11 09:36:27 ERROR [WATCHDOG] reconcile fail server=test-server error="protocol handshake failed (hard-stop) for test-server: calling \"initialize\": EOF"
=== RUN   TestSyncHandlersMethods/RestartServer
2026/04/11 09:36:27 INFO Search index is empty, performing lazy re-index in background...
2026/04/11 09:36:27 INFO Lazy re-indexing complete.
2026/04/11 09:36:27 INFO restart_servers: disconnecting server=test-server1
2026/04/11 09:36:27 WARN restart_servers: failed to re-sync server=test-server1 error="server test-server1 not found in managed config"
2026/04/11 09:36:27 INFO restart_servers: disconnecting server=test-server2
2026/04/11 09:36:27 WARN restart_servers: failed to re-sync server=test-server2 error="server test-server2 not found in managed config"
--- PASS: TestSyncHandlersMethods (1.55s)
    --- PASS: TestSyncHandlersMethods/SyncEcosystem (0.60s)
    --- PASS: TestSyncHandlersMethods/SyncServer (0.21s)
    --- PASS: TestSyncHandlersMethods/StopServers (0.12s)
    --- PASS: TestSyncHandlersMethods/ReloadServers (0.50s)
    --- PASS: TestSyncHandlersMethods/RestartServer (0.12s)
=== RUN   TestOnServerPromotedDemoted
2026/04/11 09:36:27 INFO Search index is empty, performing lazy re-index in background...
2026/04/11 09:36:27 INFO Lazy re-indexing complete.
2026/04/11 09:36:27 INFO server available for magictools management server=plugin-x
2026/04/11 09:36:28 INFO purged tools for server server=plugin-x keys_deleted=2
--- PASS: TestOnServerPromotedDemoted (0.24s)
PASS
ok  	mcp-server-magictools/internal/handler	3.762s
